// Jest Snapshot v1, https://goo.gl/fbAQLP

exports[`game service initGame() should init the board 1`] = `
Array [
  Array [
    "EMPTY",
    "EMPTY",
    "EMPTY",
    "EMPTY",
    "EMPTY",
    "EMPTY",
    "EMPTY",
    "EMPTY",
  ],
  Array [
    "EMPTY",
    "EMPTY",
    "EMPTY",
    "EMPTY",
    "EMPTY",
    "EMPTY",
    "EMPTY",
    "EMPTY",
  ],
  Array [
    "EMPTY",
    "EMPTY",
    "EMPTY",
    "EMPTY",
    "EMPTY",
    "EMPTY",
    "EMPTY",
    "EMPTY",
  ],
  Array [
    "EMPTY",
    "EMPTY",
    "EMPTY",
    "WHITE",
    "BLACK",
    "EMPTY",
    "EMPTY",
    "EMPTY",
  ],
  Array [
    "EMPTY",
    "EMPTY",
    "EMPTY",
    "BLACK",
    "WHITE",
    "EMPTY",
    "EMPTY",
    "EMPTY",
  ],
  Array [
    "EMPTY",
    "EMPTY",
    "EMPTY",
    "EMPTY",
    "EMPTY",
    "EMPTY",
    "EMPTY",
    "EMPTY",
  ],
  Array [
    "EMPTY",
    "EMPTY",
    "EMPTY",
    "EMPTY",
    "EMPTY",
    "EMPTY",
    "EMPTY",
    "EMPTY",
  ],
  Array [
    "EMPTY",
    "EMPTY",
    "EMPTY",
    "EMPTY",
    "EMPTY",
    "EMPTY",
    "EMPTY",
    "EMPTY",
  ],
]
`;

exports[`game service play() should do nothing if move is not valid 1`] = `
Array [
  Array [
    "EMPTY",
    "EMPTY",
    "EMPTY",
    "EMPTY",
    "EMPTY",
    "EMPTY",
    "EMPTY",
    "EMPTY",
  ],
  Array [
    "EMPTY",
    "EMPTY",
    "EMPTY",
    "EMPTY",
    "EMPTY",
    "EMPTY",
    "EMPTY",
    "EMPTY",
  ],
  Array [
    "EMPTY",
    "EMPTY",
    "EMPTY",
    "EMPTY",
    "EMPTY",
    "EMPTY",
    "EMPTY",
    "EMPTY",
  ],
  Array [
    "EMPTY",
    "EMPTY",
    "EMPTY",
    "WHITE",
    "BLACK",
    "EMPTY",
    "EMPTY",
    "EMPTY",
  ],
  Array [
    "EMPTY",
    "EMPTY",
    "EMPTY",
    "BLACK",
    "WHITE",
    "EMPTY",
    "EMPTY",
    "EMPTY",
  ],
  Array [
    "EMPTY",
    "EMPTY",
    "EMPTY",
    "EMPTY",
    "EMPTY",
    "EMPTY",
    "EMPTY",
    "EMPTY",
  ],
  Array [
    "EMPTY",
    "EMPTY",
    "EMPTY",
    "EMPTY",
    "EMPTY",
    "EMPTY",
    "EMPTY",
    "EMPTY",
  ],
  Array [
    "EMPTY",
    "EMPTY",
    "EMPTY",
    "EMPTY",
    "EMPTY",
    "EMPTY",
    "EMPTY",
    "EMPTY",
  ],
]
`;

exports[`game service play() should set the player's tile and update the current player 1`] = `
Array [
  Array [
    "EMPTY",
    "EMPTY",
    "EMPTY",
    "EMPTY",
    "EMPTY",
    "EMPTY",
    "EMPTY",
    "EMPTY",
  ],
  Array [
    "EMPTY",
    "EMPTY",
    "EMPTY",
    "EMPTY",
    "EMPTY",
    "EMPTY",
    "EMPTY",
    "EMPTY",
  ],
  Array [
    "EMPTY",
    "EMPTY",
    "EMPTY",
    "EMPTY",
    "EMPTY",
    "EMPTY",
    "EMPTY",
    "EMPTY",
  ],
  Array [
    "EMPTY",
    "EMPTY",
    "BLACK",
    "WHITE",
    "BLACK",
    "EMPTY",
    "EMPTY",
    "EMPTY",
  ],
  Array [
    "EMPTY",
    "EMPTY",
    "EMPTY",
    "BLACK",
    "WHITE",
    "EMPTY",
    "EMPTY",
    "EMPTY",
  ],
  Array [
    "EMPTY",
    "EMPTY",
    "EMPTY",
    "EMPTY",
    "EMPTY",
    "EMPTY",
    "EMPTY",
    "EMPTY",
  ],
  Array [
    "EMPTY",
    "EMPTY",
    "EMPTY",
    "EMPTY",
    "EMPTY",
    "EMPTY",
    "EMPTY",
    "EMPTY",
  ],
  Array [
    "EMPTY",
    "EMPTY",
    "EMPTY",
    "EMPTY",
    "EMPTY",
    "EMPTY",
    "EMPTY",
    "EMPTY",
  ],
]
`;
